 
****************************************
Report : power
        -analysis_effort low
Design : riscv_ex
Version: V-2023.12-SP5-2
Date   : Thu Oct  9 11:11:20 2025
****************************************


Library(s) Used:

    saed32hvt_ff0p95v125c (File: /home/student/24MVD1016_Thesis/Project4_3/riscv_ex/saed32hvt_ff0p95v125c.db)


Operating Conditions: ff0p95v125c   Library: saed32hvt_ff0p95v125c
Wire Load Model Mode: enclosed

Design        Wire Load Model            Library
------------------------------------------------
riscv_ex               8000              saed32hvt_ff0p95v125c


Global Operating Voltage = 0.95 
Power-specific unit information :
    Voltage Units = 1V
    Capacitance Units = 1.000000ff
    Time Units = 1ns
    Dynamic Power Units = 1uW    (derived from V,C,T units)
    Leakage Power Units = 1pW


Attributes
----------
i - Including register clock pin internal power


  Cell Internal Power  =  -1.4718 mW  (152%)
  Net Switching Power  = 504.1298 uW  (-51%)
                         ---------
Total Dynamic Power    = -967.7180 uW  (100%)

Cell Leakage Power     =   6.0022 mW

Information: report_power power group summary does not include estimated clock tree power. (PWR-789)

                 Internal         Switching           Leakage            Total
Power Group      Power            Power               Power              Power   (   %    )  Attrs
--------------------------------------------------------------------------------------------------
io_pad             0.0000            0.0000            0.0000            0.0000  (   0.00%)
memory             0.0000            0.0000            0.0000            0.0000  (   0.00%)
black_box          0.0000            0.0000            0.0000            0.0000  (   0.00%)
clock_network      0.0000            0.0000            0.0000            0.0000  (   0.00%)  i
register           0.0000            0.0000            0.0000            0.0000  (   0.00%)
sequential         0.0000            0.0000            0.0000            0.0000  (   0.00%)
combinational  -1.4718e+03          504.1291        6.0022e+09        5.0345e+03 ( 100.00%)
--------------------------------------------------------------------------------------------------
Total          -1.4718e+03 uW       504.1291 uW     6.0022e+09 pW     5.0345e+03 uW
1
